https://www.paulinacocina.net/como-hacer-crema-chantilly/21934	sin-datos
https://www.paulinacocina.net/como-hacer-churros-caseros/7933	sin-datos
https://www.paulinacocina.net/hola-paulina-julio-2014/4101	sin-datos
https://www.paulinacocina.net/recetas-comida-mexicana/20942	sin-datos
https://www.paulinacocina.net/nabo/43379	sin-datos
https://www.paulinacocina.net/guia-completa-sobre-el-wasabi/31352	sin-datos
https://www.paulinacocina.net/budin-de-pan-4-pasos/10866	sin-datos
https://www.paulinacocina.net/frangollo/43386	sin-datos
https://www.paulinacocina.net/ollas-de-acero-inoxidable/43241	sin-datos
https://www.paulinacocina.net/recetas-para-freidora-de-aire/32775	sin-datos
https://www.paulinacocina.net/receta-tortitas-negras-caseras/9307	sin-datos
https://www.paulinacocina.net/cuchillos-de-cocina/42958	sin-datos
https://www.paulinacocina.net/plan-menu-semanal/42346	sin-datos
https://www.paulinacocina.net/receta-de-caracoles/37479	sin-datos
https://www.paulinacocina.net/como-hacer-salsa-blanca/7257	sin-datos
https://www.paulinacocina.net/salsa-de-pollo-para-pastas/9023	sin-datos
https://www.paulinacocina.net/pollo-a-la-sal/9109	sin-datos
https://www.paulinacocina.net/bizcochitos-de-grasa-caseros/9309	sin-datos
https://www.paulinacocina.net/disfraces-de-comida/2773	sin-datos
https://www.paulinacocina.net/10-platos-que-nunca-deberian-haberse-hecho-parte-2/2756	sin-datos
https://www.paulinacocina.net/helado-de-mandarina/1271	sin-datos
https://www.paulinacocina.net/bananas-con-miel-y-canela-desayuno-de-campeones-i/712	sin-datos
https://www.paulinacocina.net/ensalada-de-rucula-con-personalidad/1794	sin-datos
https://www.paulinacocina.net/vermut/41497	sin-datos
https://www.paulinacocina.net/pitaya-pitahaya-o-fruta-del-dragon/28498	sin-datos
https://www.paulinacocina.net/recetas-de-navidad-ideas-cocina-navidena/10225	sin-datos
https://www.paulinacocina.net/15-tips-para-asar-carne-al-horno/500	sin-datos
https://www.paulinacocina.net/soja-texturizada/26059	sin-datos
https://www.paulinacocina.net/papas-con-queso-cheddar/26834	sin-datos
https://www.paulinacocina.net/torre-de-panqueques/40174	sin-datos
https://www.paulinacocina.net/receta-nuggets-de-pollo-con-pistachos/2903	sin-datos
https://www.paulinacocina.net/arroz-con-almejas/2352	sin-datos
https://www.paulinacocina.net/ensalada-de-rucula-granola/9447	sin-datos
https://www.paulinacocina.net/como-ahorrar-energia-cocina/10819	sin-datos
https://www.paulinacocina.net/truco-para-que-la-lechuga-dure-mas-tiempo/9749	sin-datos
https://www.paulinacocina.net/15-complementos-de-cocina-super-divertidos-que-querras-tener/7341	sin-datos
https://www.paulinacocina.net/hola-paulina/4892	sin-datos
https://www.paulinacocina.net/wild-raspberries-el-libro-de-cocina-de-warhol/1298	sin-datos
https://www.paulinacocina.net/muy-pronto/12	sin-datos
https://www.paulinacocina.net/fin-de-temporada-2014/5186	sin-datos
https://www.paulinacocina.net/libros-de-cocina-de-famosos/1329	sin-datos
https://www.paulinacocina.net/rebujito/33414	sin-datos
https://www.paulinacocina.net/el-bailecito-de-paulina-cocina/49	sin-datos
https://www.paulinacocina.net/truco-para-tortas-mas-ricas/9640	sin-datos
https://www.paulinacocina.net/cocinar-con-ninos-por-que-es-importante-que-la-bendicion-cocine/20349	sin-datos
https://www.paulinacocina.net/10-inventos-de-cocina-que-son-completamente-bizarros/7335	sin-datos
https://www.paulinacocina.net/como-hacer-mermelada-sin-fruta/11419	sin-datos
https://www.paulinacocina.net/comidas-con-pollo-crumble-de-pollo/5929	sin-datos
https://www.paulinacocina.net/9-terminos-sobre-comida-que-no-tienen-traduccion-y-1-que-solo-existe-en-espanol/7117	sin-datos
https://www.paulinacocina.net/complementos-de-cocina-para-regalar-un-fanatico-de-star-wars/4393	sin-datos
https://www.paulinacocina.net/carbonada-vegana/895	sin-datos
https://www.paulinacocina.net/alitas-de-pollo-menu-economico/11704	sin-datos
https://www.paulinacocina.net/pastel-de-pollo/5111	sin-datos
https://www.paulinacocina.net/ensalada-de-tomate-con-pesto-de-menta/1790	sin-datos
https://www.paulinacocina.net/receta-ceviche-de-pejerrey/9600	sin-datos
https://www.paulinacocina.net/diferencia-entre-tequila-y-mezcal/3879	sin-datos
https://www.paulinacocina.net/costillas-agridulces/4040	sin-datos
https://www.paulinacocina.net/guiso-de-ternera/2798	sin-datos
https://www.paulinacocina.net/receta-de-pesto-calabres/5107	sin-datos
https://www.paulinacocina.net/como-limpiar-grelos/4062	sin-datos
https://www.paulinacocina.net/ensalada-mediterranea-de-pak-choi/1406	sin-datos
https://www.paulinacocina.net/pasta-mediterranea-one-pot/10128	sin-datos
https://www.paulinacocina.net/mantequilla-de-pistachos/2907	sin-datos
https://www.paulinacocina.net/pollo-a-la-cacerola/5568	sin-datos
https://www.paulinacocina.net/como-hacer-una-torta-cebra/9612	sin-datos
https://www.paulinacocina.net/leer-las-etiquetas-de-los-alimentos/3713	sin-datos
https://www.paulinacocina.net/pinchos-de-cerdo-agridulces/1023	sin-datos
https://www.paulinacocina.net/nuevo-libro-paulina-y-compania-cocina-para-adolecentes/20794	sin-datos
https://www.paulinacocina.net/como-se-toma-el-tequila/3934	sin-datos
https://www.paulinacocina.net/como-forrar-una-bandeja/7258	sin-datos
https://www.paulinacocina.net/comida-segun-tu-signo-del-zodiaco/2964	sin-datos
https://www.paulinacocina.net/cuando-hierve-el-agua/3094	sin-datos
https://www.paulinacocina.net/paulina-cocina-10-posts-mas-visitados-ago-oct-2013/2078	sin-datos
https://www.paulinacocina.net/blogs-de-cocina-argentinos/8733	sin-datos
https://www.paulinacocina.net/como-elegir-un-vino-cuando-no-sabes-de-vinos/4533	sin-datos
https://www.paulinacocina.net/aplicaciones-de-cocina-para-android/4944	sin-datos
https://www.paulinacocina.net/como-conservar-lechuga/8084	sin-datos
https://www.paulinacocina.net/3-recetas-de-pollo-faciles/11392	sin-datos
https://www.paulinacocina.net/carne-a-la-plancha/9029	sin-datos
https://www.paulinacocina.net/10-ideas-nada-apropiadas-para-recibir-a-un-bebe/1814	sin-datos
https://www.paulinacocina.net/como-hacer-carne-curada/2304	sin-datos
https://www.paulinacocina.net/libros-de-recetas-famosos/1357	sin-datos
https://www.paulinacocina.net/receta-de-chow-mein-fideos-de-arroz-pollo/9039	sin-datos
https://www.paulinacocina.net/como-decorar-una-torta-facil/4048	sin-datos
https://www.paulinacocina.net/panqueque-aleman-dutch-baby/7101	sin-datos
https://www.paulinacocina.net/colgantes-para-macetas/749	sin-datos
https://www.paulinacocina.net/como-lavar-verduras/8082	sin-datos
https://www.paulinacocina.net/aceite-de-oliva/323	sin-datos
https://www.paulinacocina.net/como-pelar-mani-crudo-cacahuetes-cacahuates/4467	sin-datos
https://www.paulinacocina.net/como-hacer-mate-que-hay-que-hacer-y-que/4935	sin-datos
https://www.paulinacocina.net/pescado-con-ajada-gallega/1892	sin-datos
https://www.paulinacocina.net/chips-de-kale-al-microondas/8051	sin-datos
https://www.paulinacocina.net/alimentos-para-prevenir-gripe-resfriado/10701	sin-datos
https://www.paulinacocina.net/dulces-mexicanos-tipicos-tradicionales/28485	sin-datos
https://www.paulinacocina.net/pulpo-a-la-gallega/21954	sin-datos
https://www.paulinacocina.net/picana-la-provenzal/4504	sin-datos
https://www.paulinacocina.net/5-respuestas-sobre-como-sellar-carne/2006	sin-datos
https://www.paulinacocina.net/chancho-al-aceto/436	sin-datos
https://www.paulinacocina.net/recetas-postres-faciles/11368	sin-datos
https://www.paulinacocina.net/aperitivos-de-navidad/31478	sin-datos
https://www.paulinacocina.net/el-tipo-de-cebolla-si-importa/1772	sin-datos
https://www.paulinacocina.net/besugo-al-horno/1895	sin-datos
https://www.paulinacocina.net/como-preparar-un-buen-fuego-desde-argentina/408	sin-datos
https://www.paulinacocina.net/pasos-para-ahorrar-en-tu-proxima-compra/27347	sin-datos
https://www.paulinacocina.net/pasta-al-vino-tinto-receta-ravioles/10052	sin-datos
https://www.paulinacocina.net/chips-de-batata-al-microondas/7587	sin-datos
https://www.paulinacocina.net/platos-decorados-para-ninos/8144	sin-datos
https://www.paulinacocina.net/felices-fiestas-fin-de-temporada/2406	sin-datos
https://www.paulinacocina.net/adelanto-3o-temporada-partido/3046	sin-datos
https://www.paulinacocina.net/trailer-paulina-cocina/3082	sin-datos
https://www.paulinacocina.net/adelanto-3o-temporada-blanca-la-regia/3049	sin-datos
https://www.paulinacocina.net/truco-de-cocina/4233	sin-datos
https://www.paulinacocina.net/como-hacer-picatostes-caseros-croutones/4280	sin-datos
https://www.paulinacocina.net/objetos-cocina-machos/7905	sin-datos
https://www.paulinacocina.net/receta-de-pan-casero/9162	sin-datos
https://www.paulinacocina.net/albondigas-secreto-de-mi-madre-para-congelarlas-sin-que-se-peguen/2245	sin-datos
https://www.paulinacocina.net/bizcochitos-grasa-2-ingredientes/11478	sin-datos
https://www.paulinacocina.net/torta-taza-de-chocolate-sin-azucar/11110	sin-datos
https://www.paulinacocina.net/como-hacer-pure-instantaneo/4260	sin-datos
https://www.paulinacocina.net/frosting-de-queso-crema/9136	sin-datos
https://www.paulinacocina.net/tipos-de-merengues-diferencias-usos/10223	sin-datos
https://www.paulinacocina.net/semola-con-leche/35802	sin-datos
https://www.paulinacocina.net/cena-de-navidad-meal-prep-la-comida-de-navidad/11278	sin-datos
https://www.paulinacocina.net/hola-paulina-agosto-2014/4303	sin-datos
https://www.paulinacocina.net/regalos-rapidos-para-navidad-sales-saborizadas/10304	sin-datos
https://www.paulinacocina.net/pastrami/36812	sin-datos
https://www.paulinacocina.net/utilizar-las-hojas-de-zanahoria/746	sin-datos
https://www.paulinacocina.net/receta-salsa-filetto/1211	sin-datos
https://www.paulinacocina.net/como-hacer-croutones-o-picatostes/581	sin-datos
https://www.paulinacocina.net/colita-la-cacerola/1885	sin-datos
https://www.paulinacocina.net/hola-paulina-junio-2014/3989	sin-datos
https://www.paulinacocina.net/calimocho/36769	sin-datos
https://www.paulinacocina.net/budin-de-zapallo-italiano/36768	sin-datos
https://www.paulinacocina.net/cremor-tartaro-que-es-y-para-que-sirve/33331	sin-datos
https://www.paulinacocina.net/como-espesar-una-salsa-con-maicena/4506	sin-datos
https://www.paulinacocina.net/como-pelar-almendras/6944	sin-datos
https://www.paulinacocina.net/12-complementos-de-cocina-abrigaditos/903	sin-datos
https://www.paulinacocina.net/como-hacer-azucar-impalpable/1214	sin-datos
https://www.paulinacocina.net/gilda/34691	sin-datos
https://www.paulinacocina.net/bruschetta/34800	sin-datos
https://www.paulinacocina.net/ideas-ejemplos-de-desayuno-brunch/33493	sin-datos
https://www.paulinacocina.net/como-curar-un-mate/35386	sin-datos
https://www.paulinacocina.net/feria-de-las-colectividades/311	sin-datos
https://www.paulinacocina.net/como-esterilizar-frascos-en-el-microondas/1453	sin-datos
https://www.paulinacocina.net/polvo-de-semillas/477	sin-datos
https://www.paulinacocina.net/kale/35406	sin-datos
https://www.paulinacocina.net/salsa-facil-6-recetas-distintas-para-tener-a-mano-y-usar-cuando-quieran/14134	sin-datos
https://www.paulinacocina.net/conserva-facil-de-morrones-agridulces/3052	sin-datos
https://www.paulinacocina.net/como-conservar-perejil/1873	sin-datos
https://www.paulinacocina.net/receta-de-montaditos/32234	sin-datos
https://www.paulinacocina.net/por-que-cuando-nos-ponemos-rimmel-abrimos-la-boca-hola-paulina-07/6966	sin-datos
https://www.paulinacocina.net/como-hacer-harina-de-almendras/3892	sin-datos
https://www.paulinacocina.net/tenemos-trailer/855	sin-datos
https://www.paulinacocina.net/como-hacer-pollo-como-el-de-kfc/3087	sin-datos
https://www.paulinacocina.net/como-conservar-jengibre/1410	sin-datos
https://www.paulinacocina.net/gazpacho-de-sandia/2487	sin-datos
https://www.paulinacocina.net/como-hacer-lengua-a-la-vinagreta/11272	sin-datos
https://www.paulinacocina.net/como-hacer-all-i-oli/8574	sin-datos
https://www.paulinacocina.net/mermelada-de-arandanos-con-coquito/1749	sin-datos
https://www.paulinacocina.net/panko/31719	sin-datos
https://www.paulinacocina.net/pescado-empapelado/34830	sin-datos
https://www.paulinacocina.net/receta-de-pescado-al-horno/3941	sin-datos
https://www.paulinacocina.net/receta-de-pescado-al-horno-facil/5038	sin-datos
https://www.paulinacocina.net/guiso-de-lentejas-facil/4295	sin-datos
https://www.paulinacocina.net/ensalada-de-naranja-y-cebolla/1558	sin-datos
https://www.paulinacocina.net/ensalada-de-habas/1732	sin-datos
https://www.paulinacocina.net/cebolla-para-hamburguesas/7996	sin-datos
https://www.paulinacocina.net/como-hacer-pechito-de-cerdo-cerveza/9105	sin-datos
https://www.paulinacocina.net/tarta-de-puerros-a-la-crema/498	sin-datos
https://www.paulinacocina.net/chips-de-zanahoria-al-horno/4413	sin-datos
https://www.paulinacocina.net/provoleta-al-horno/3826	sin-datos
https://www.paulinacocina.net/recetas-rapidas-faciles-magiasbajoneras/11802	sin-datos
https://www.paulinacocina.net/fiesta-de-pochoclos-ideales-para-una-maraton-de-cualquier-serie/13936	sin-datos
https://www.paulinacocina.net/sopa-japo-falso-ramen/1578	sin-datos
https://www.paulinacocina.net/como-hacer-tahini-pasta-de-sesamo/2956	sin-datos
https://www.paulinacocina.net/mayonesa-sin-huevo-receta-facil/10740	sin-datos
https://www.paulinacocina.net/moldes-para-tortas/5113	sin-datos
https://www.paulinacocina.net/mug-cakes/7471	sin-datos
https://www.paulinacocina.net/rellenos-para-tortas/4985	sin-datos
https://www.paulinacocina.net/como-hacer-torta-helada-pionono/11300	sin-datos
https://www.paulinacocina.net/torta-de-zanahoria/9123	sin-datos
https://www.paulinacocina.net/receta-de-tarta-dulce-de-merengue/9401	sin-datos
https://www.paulinacocina.net/como-hacer-helado-casero-de-cereza/5299	sin-datos
https://www.paulinacocina.net/pollo-al-verdeo-con-crema/3220	sin-datos
https://www.paulinacocina.net/como-hacer-hamburguesas-de-pollo/9086	sin-datos
https://www.paulinacocina.net/wok-de-pollo-trucos-para-cocinar-un-wok-perfecto/22039	sin-datos
https://www.paulinacocina.net/bastones-de-pollo-y-parmesano/7887	sin-datos
https://www.paulinacocina.net/como-hacer-bizcochos-de-grasa-agridulces-deliciosos/9582	sin-datos
https://www.paulinacocina.net/como-hacer-salchichas-caseras/9336	sin-datos
https://www.paulinacocina.net/pizza-rellena-una-receta-muy-facil-y-muy-rica/20563	sin-datos
https://www.paulinacocina.net/masa-para-ravioles-caseros/8612	sin-datos
https://www.paulinacocina.net/como-hacer-pasta-salsa-carbonara/11173	sin-datos
https://www.paulinacocina.net/pan-de-hamburguesa/8565	sin-datos
https://www.paulinacocina.net/pimientos-fritos/7018	sin-datos
https://www.paulinacocina.net/jugo-de-naranja/30986	sin-datos
https://www.paulinacocina.net/pak-choi/34703	sin-datos
https://www.paulinacocina.net/gulas/34686	sin-datos
https://www.paulinacocina.net/ventresca-de-atun/34367	sin-datos
https://www.paulinacocina.net/ruibarbo/34254	sin-datos
https://www.paulinacocina.net/carne-cecina-embutido/34284	sin-datos
https://www.paulinacocina.net/guia-completa-sobre-la-kombucha/34294	sin-datos
https://www.paulinacocina.net/coctel-perla-negra/33658	sin-datos
https://www.paulinacocina.net/furanchos-galicia/29576	sin-datos
https://www.paulinacocina.net/comer-sano/20523	sin-datos
https://www.paulinacocina.net/pastelitos-caseros/11760	sin-datos
https://www.paulinacocina.net/como-hacer-repulgue-empanadas/10746	sin-datos
https://www.paulinacocina.net/receta-de-mini-pan-dulce-facil/11288	sin-datos
https://www.paulinacocina.net/10-complementos-de-cocina-que-son-lo-mas-tierno-del-mundo/7340	sin-datos
https://www.paulinacocina.net/ganate-un-molde-top-top-top/9095	sin-datos
https://www.paulinacocina.net/como-hacer-masa-de-tarta-salada-muy-facil-campeona/5046	sin-datos
https://www.paulinacocina.net/como-hacer-una-reduccion-de-aceto-balsamico-rapida/1063	sin-datos
https://www.paulinacocina.net/hola-paulina-mayo-2014/3762	sin-datos
https://www.paulinacocina.net/10-platos-que-nunca-deberian-haberse-hecho/2757	sin-datos
https://www.paulinacocina.net/adelanto-2o-temporada/460	sin-datos
https://www.paulinacocina.net/adelanto-3o-temporada-paulina-para-giles/3024	sin-datos
https://www.paulinacocina.net/trucos-de-los-supermercados-para-que-gastes-mas/1765	sin-datos
https://www.paulinacocina.net/retrasos/395	sin-datos
https://www.paulinacocina.net/paulina-vuelve/456	sin-datos